2026-10-03 16:23:02 论坛播报机器人启动；轮询 20 秒；目标群：['广轻工校内论坛群']；服务器：https://payun01.cn
2026-10-03 16:23:02 领取到播报 #17（2 条新帖），开始发送…
2026-10-03 16:23:07   截图: 162307_search_1.png
2026-10-03 16:23:09   截图: 162308_opened_1.png
2026-10-03 16:23:09   已点击输入区 (739,1252)
2026-10-03 16:23:11   截图: 162311_pasted_1.png
2026-10-03 16:23:14   第 1 次「Enter」发送成功
2026-10-03 16:23:14   截图: 162314_sent_1.png
2026-10-03 16:23:14   -> 广轻工校内论坛群 ok
2026-10-03 16:23:14 播报 #17 已全部发出并回报
2026-10-03 16:23:34 暂无待发播报
2026-10-03 16:23:55 暂无待发播报
2026-10-03 16:24:15 领取到播报 #18（2 条新帖），开始发送…
2026-10-03 16:24:20   截图: 162420_search_1.png
2026-10-03 16:24:21   截图: 162421_opened_1.png
2026-10-03 16:24:22   已点击输入区 (739,1252)
2026-10-03 16:24:23   截图: 162423_pasted_1.png
2026-10-03 16:24:26   第 1 次「Enter」发送成功
2026-10-03 16:24:26   截图: 162426_sent_1.png
2026-10-03 16:24:26   -> 广轻工校内论坛群 ok
2026-10-03 16:24:27 播报 #18 已全部发出并回报
2026-10-03 16:24:47 暂无待发播报
2026-10-03 16:25:07 暂无待发播报
2026-10-03 16:25:27 暂无待发播报
2026-10-03 16:25:48 暂无待发播报
2026-10-03 16:26:08 领取到播报 #19（2 条新帖），开始发送…
2026-10-03 16:26:13   截图: 162613_search_1.png
2026-10-03 16:26:14   截图: 162614_opened_1.png
2026-10-03 16:26:15   已点击输入区 (769,1252)
2026-10-03 16:26:16   截图: 162616_pasted_1.png
2026-10-03 16:26:19   第 1 次「Enter」发送成功
2026-10-03 16:26:19   截图: 162619_sent_1.png
2026-10-03 16:26:19   -> 广轻工校内论坛群 ok
2026-10-03 16:26:21 播报 #19 已全部发出并回报
2026-10-03 16:26:41 暂无待发播报
2026-10-03 16:27:01 暂无待发播报
2026-10-03 16:27:22 暂无待发播报
2026-10-03 16:27:42 暂无待发播报
2026-10-03 16:28:02 暂无待发播报
2026-10-03 16:28:23 暂无待发播报
2026-10-03 16:28:43 暂无待发播报
2026-10-03 16:29:03 暂无待发播报
2026-10-03 16:29:23 暂无待发播报
2026-10-03 16:29:44 暂无待发播报
2026-10-03 16:30:04 暂无待发播报
2026-10-03 16:30:24 暂无待发播报
2026-10-03 16:30:45 暂无待发播报
2026-10-03 16:31:05 暂无待发播报
2026-10-03 16:31:25 暂无待发播报
2026-10-03 16:31:46 暂无待发播报
2026-10-03 16:32:06 暂无待发播报
2026-10-03 16:32:26 暂无待发播报
2026-10-03 16:32:46 暂无待发播报
2026-10-03 16:33:07 暂无待发播报
2026-10-03 16:33:27 暂无待发播报
