2026-10-03 16:23:02 论坛播报机器人启动；轮询 20 秒；目标群：['广轻工校内论坛群']；服务器：https://payun01.cn
2026-10-03 16:23:02 领取到播报 #17（2 条新帖），开始发送…
2026-10-03 16:23:07   截图: 162307_search_1.png
2026-10-03 16:23:09   截图: 162308_opened_1.png
2026-10-03 16:23:09   已点击输入区 (739,1252)
2026-10-03 16:23:11   截图: 162311_pasted_1.png
2026-10-03 16:23:14   第 1 次「Enter」发送成功
2026-10-03 16:23:14   截图: 162314_sent_1.png
2026-10-03 16:23:14   -> 广轻工校内论坛群 ok
2026-10-03 16:23:14 播报 #17 已全部发出并回报
2026-10-03 16:23:34 暂无待发播报
2026-10-03 16:23:55 暂无待发播报
2026-10-03 16:24:15 领取到播报 #18（2 条新帖），开始发送…
2026-10-03 16:24:20   截图: 162420_search_1.png
2026-10-03 16:24:21   截图: 162421_opened_1.png
2026-10-03 16:24:22   已点击输入区 (739,1252)
2026-10-03 16:24:23   截图: 162423_pasted_1.png
2026-10-03 16:24:26   第 1 次「Enter」发送成功
2026-10-03 16:24:26   截图: 162426_sent_1.png
2026-10-03 16:24:26   -> 广轻工校内论坛群 ok
2026-10-03 16:24:27 播报 #18 已全部发出并回报
2026-10-03 16:24:47 暂无待发播报
2026-10-03 16:25:07 暂无待发播报
2026-10-03 16:25:27 暂无待发播报
2026-10-03 16:25:48 暂无待发播报
2026-10-03 16:26:08 领取到播报 #19（2 条新帖），开始发送…
2026-10-03 16:26:13   截图: 162613_search_1.png
2026-10-03 16:26:14   截图: 162614_opened_1.png
2026-10-03 16:26:15   已点击输入区 (769,1252)
2026-10-03 16:26:16   截图: 162616_pasted_1.png
2026-10-03 16:26:19   第 1 次「Enter」发送成功
2026-10-03 16:26:19   截图: 162619_sent_1.png
2026-10-03 16:26:19   -> 广轻工校内论坛群 ok
2026-10-03 16:26:21 播报 #19 已全部发出并回报
2026-10-03 16:26:41 暂无待发播报
2026-10-03 16:27:01 暂无待发播报
2026-10-03 16:27:22 暂无待发播报
2026-10-03 16:27:42 暂无待发播报
2026-10-03 16:28:02 暂无待发播报
2026-10-03 16:28:23 暂无待发播报
2026-10-03 16:28:43 暂无待发播报
2026-10-03 16:29:03 暂无待发播报
2026-10-03 16:29:23 暂无待发播报
2026-10-03 16:29:44 暂无待发播报
2026-10-03 16:30:04 暂无待发播报
2026-10-03 16:30:24 暂无待发播报
2026-10-03 16:30:45 暂无待发播报
2026-10-03 16:31:05 暂无待发播报
2026-10-03 16:31:25 暂无待发播报
2026-10-03 16:31:46 暂无待发播报
2026-10-03 16:32:06 暂无待发播报
2026-10-03 16:32:26 暂无待发播报
2026-10-03 16:32:46 暂无待发播报
2026-10-03 16:33:07 暂无待发播报
2026-10-03 16:33:27 暂无待发播报
2026-10-03 16:33:47 暂无待发播报
2026-10-03 16:34:08 暂无待发播报
2026-10-03 16:34:28 暂无待发播报
2026-10-03 16:34:48 暂无待发播报
2026-10-03 16:35:08 暂无待发播报
2026-10-03 16:35:15 论坛播报机器人启动；轮询 20 秒；目标群：['广轻工校内论坛群']；服务器：https://payun01.cn
2026-10-03 16:35:15 暂无待发播报
2026-10-03 16:35:35 暂无待发播报
2026-10-03 16:35:56 暂无待发播报
2026-10-03 16:36:16 暂无待发播报
2026-10-03 16:36:37 暂无待发播报
2026-10-03 16:36:57 暂无待发播报
2026-10-03 16:37:16 论坛播报机器人启动；轮询 20 秒；目标群：['广轻工校内论坛群']；服务器：https://payun01.cn
2026-10-03 16:37:16 暂无待发播报
2026-10-03 16:37:37 暂无待发播报
2026-10-03 16:37:57 暂无待发播报
2026-10-03 16:38:18 暂无待发播报
2026-10-03 16:38:36 论坛播报机器人启动；轮询 20 秒；目标群：['广轻工校内论坛群']；服务器：https://payun01.cn
2026-10-03 16:38:36 暂无待发播报
2026-10-03 16:38:38 暂无待发播报
2026-10-03 16:38:56 暂无待发播报
2026-10-03 16:38:58 暂无待发播报
2026-10-03 16:39:17 领取到播报 #20（2 条新帖），开始发送…
2026-10-03 16:39:19 暂无待发播报
2026-10-03 16:39:21   截图: 163921_search_1.png
2026-10-03 16:39:23   截图: 163923_opened_1.png
2026-10-03 16:39:24   -> 广轻工校内论坛群 失败: 剪贴板写入校验失败（可能有其他程序占用剪贴板）
2026-10-03 16:39:24 存在失败群，20 秒后自动重试
2026-10-03 16:39:39 暂无待发播报
2026-10-03 16:39:45 暂无待发播报
2026-10-03 16:40:00 暂无待发播报
2026-10-03 16:40:06 暂无待发播报
2026-10-03 16:40:20 暂无待发播报
2026-10-03 16:40:26 暂无待发播报
2026-10-03 16:40:41 暂无待发播报
2026-10-03 16:40:46 暂无待发播报
2026-10-03 16:41:01 暂无待发播报
2026-10-03 16:41:07 暂无待发播报
2026-10-03 16:41:22 暂无待发播报
2026-10-03 16:41:27 暂无待发播报
2026-10-03 16:41:42 暂无待发播报
2026-10-03 16:41:47 暂无待发播报
2026-10-03 16:42:03 暂无待发播报
2026-10-03 16:42:23 暂无待发播报
2026-10-03 16:42:44 暂无待发播报
2026-10-03 16:43:04 暂无待发播报
2026-10-03 16:43:25 暂无待发播报
2026-10-03 16:43:45 暂无待发播报
2026-10-03 16:44:06 暂无待发播报
2026-10-03 16:44:26 领取到播报 #20（2 条新帖），开始发送…
2026-10-03 16:44:31   截图: 164431_search_1.png
2026-10-03 16:44:32   截图: 164432_opened_1.png
2026-10-03 16:44:33   -> 广轻工校内论坛群 失败: 剪贴板写入校验失败（可能有其他程序占用剪贴板）
2026-10-03 16:44:33 存在失败群，20 秒后自动重试
2026-10-03 16:44:54 暂无待发播报
2026-10-03 16:45:11 论坛播报机器人启动；轮询 20 秒；目标群：['广轻工校内论坛群']；服务器：https://payun01.cn
2026-10-03 16:45:12 暂无待发播报
2026-10-03 16:45:14 暂无待发播报
2026-10-03 16:45:32 暂无待发播报
2026-10-03 16:45:35 领取到播报 #21（2 条新帖），开始发送…
2026-10-03 16:45:39   截图: 164539_search_1.png
2026-10-03 16:45:41   截图: 164541_opened_1.png
2026-10-03 16:45:42   -> 广轻工校内论坛群 失败: 剪贴板写入校验失败（可能有其他程序占用剪贴板）
2026-10-03 16:45:42 存在失败群，20 秒后自动重试
2026-10-03 16:45:52 暂无待发播报
2026-10-03 16:46:02 暂无待发播报
2026-10-03 16:46:13 暂无待发播报
2026-10-03 16:46:23 暂无待发播报
2026-10-03 16:46:33 暂无待发播报
2026-10-03 16:46:43 暂无待发播报
2026-10-03 16:46:53 暂无待发播报
2026-10-03 16:47:03 暂无待发播报
2026-10-03 16:47:14 暂无待发播报
2026-10-03 16:47:24 暂无待发播报
2026-10-03 16:47:34 暂无待发播报
2026-10-03 16:47:44 暂无待发播报
2026-10-03 16:47:50 论坛播报机器人启动；轮询 20 秒；目标群：['广轻工校内论坛群']；服务器：https://payun01.cn
2026-10-03 16:47:50 暂无待发播报
2026-10-03 16:47:54 暂无待发播报
2026-10-03 16:48:05 暂无待发播报
2026-10-03 16:48:11 领取到播报 #22（2 条新帖），开始发送…
2026-10-03 16:48:15 暂无待发播报
2026-10-03 16:48:15   截图: 164815_search_1.png
2026-10-03 16:48:17   截图: 164817_opened_1.png
2026-10-03 16:48:17   截图: 164817_pasted_1.png
2026-10-03 16:48:21   第 1 次「Enter」发送成功
2026-10-03 16:48:21   截图: 164821_sent_1.png
2026-10-03 16:48:21   -> 广轻工校内论坛群 ok
2026-10-03 16:48:21 播报 #22 已全部发出并回报
2026-10-03 16:48:25 暂无待发播报
2026-10-03 16:48:35 暂无待发播报
2026-10-03 16:48:42 暂无待发播报
2026-10-03 16:48:45 暂无待发播报
2026-10-03 16:48:55 暂无待发播报
2026-10-03 16:49:02 暂无待发播报
2026-10-03 16:49:06 暂无待发播报
2026-10-03 16:49:16 暂无待发播报
2026-10-03 16:49:22 暂无待发播报
2026-10-03 16:49:26 暂无待发播报
2026-10-03 16:49:36 暂无待发播报
2026-10-03 16:49:43 暂无待发播报
2026-10-03 16:49:47 暂无待发播报
2026-10-03 16:49:56 暂无待发播报
2026-10-03 16:50:08 暂无待发播报
2026-10-03 16:50:16 暂无待发播报
2026-10-03 16:50:28 暂无待发播报
2026-10-03 16:50:37 暂无待发播报
2026-10-03 16:50:49 暂无待发播报
2026-10-03 16:50:57 暂无待发播报
2026-10-03 16:51:09 暂无待发播报
2026-10-03 16:51:17 暂无待发播报
2026-10-03 16:51:43 论坛播报机器人启动；轮询 20 秒；目标群：['广轻工校内论坛群']；服务器：https://payun01.cn
2026-10-03 16:51:44 暂无待发播报
2026-10-03 16:52:04 暂无待发播报
2026-10-03 16:52:24 领取到播报 #23（2 条新帖），开始发送…
2026-10-03 16:52:29   截图: 165229_search_1.png
2026-10-03 16:52:31   截图: 165230_opened_1.png
2026-10-03 16:52:31   截图: 165231_pasted_1.png
2026-10-03 16:52:35   第 1 次「Enter」发送成功
2026-10-03 16:52:35   截图: 165235_sent_1.png
2026-10-03 16:52:35   -> 广轻工校内论坛群 ok
2026-10-03 16:52:35 播报 #23 已全部发出并回报
2026-10-03 16:52:55 暂无待发播报
2026-10-03 16:53:16 暂无待发播报
2026-10-03 16:53:36 暂无待发播报
2026-10-03 16:53:56 暂无待发播报
2026-10-03 16:54:17 暂无待发播报
2026-10-03 16:54:37 暂无待发播报
2026-10-03 16:54:57 暂无待发播报
2026-10-03 16:55:18 暂无待发播报
2026-10-03 16:55:38 暂无待发播报
